gcc -g p4final.c 
îº§ gdb a.out
GNU gdb (Ubuntu 8.1.1-0ubuntu1) 8.1.1
Copyright (C) 2018 Free Software Foundation, Inc.
License GPLv3+: GNU GPL version 3 or later <http://gnu.org/licenses/gpl.html>
This is free software: you are free to change and redistribute it.
There is NO WARRANTY, to the extent permitted by law.  Type "show copying"
and "show warranty" for details.
This GDB was configured as "x86_64-linux-gnu".
Type "show configuration" for configuration details.
For bug reporting instructions, please see:
<http://www.gnu.org/software/gdb/bugs/>.
Find the GDB manual and other documentation resources online at:
<http://www.gnu.org/software/gdb/documentation/>.
For help, type "help".
Type "apropos word" to search for commands related to "word"...
Reading symbols from a.out...done.
(gdb) b main
Breakpoint 1 at 0x894: file p4final.c, line 33.
(gdb) r
Starting program: /home/runner/pps-IA1-practice/a.out 
warning: Error disabling address space randomization: Operation not permitted

Breakpoint 1, main () at p4final.c:33
33    {
(gdb) n
35      n=input();
(gdb) s
input () at p4final.c:3
3   {
(gdb) n
5     printf("enter the value of n:\n");
(gdb) n
enter the value of n:
6     scanf("%d",&n);
(gdb) n
3
7     return n;
(gdb) n
8   }
(gdb) n
main () at p4final.c:36
36      aray(n,a);
(gdb) s
aray (n=3, a=0x7ffc7c13e500) at p4final.c:13
13    for(i=0;i<n;i++)
(gdb) n
15      printf("enter elements %d :\n",i);
(gdb) n
enter elements 0 :
16      scanf("%d",&a[i]);
(gdb) 
4
13    for(i=0;i<n;i++)
(gdb) n
15      printf("enter elements %d :\n",i);
(gdb) n
enter elements 1 :
16      scanf("%d",&a[i]);
(gdb) n
0
13    for(i=0;i<n;i++)
(gdb) n
15      printf("enter elements %d :\n",i);
(gdb) n
enter elements 2 :
16      scanf("%d",&a[i]);
(gdb) n
1
13    for(i=0;i<n;i++)
(gdb) n
18  }
(gdb) n
main () at p4final.c:37
37      sum=add(n,a);
(gdb) s
add (n=3, a=0x7ffc7c13e500) at p4final.c:21
21    int sum=0, i;
(gdb) n
22    for(i=0;i<n;i++)
(gdb) n
24      sum=sum+a[i];
(gdb) n
22    for(i=0;i<n;i++)
(gdb) n
24      sum=sum+a[i];
(gdb) n
22    for(i=0;i<n;i++)
(gdb) n
24      sum=sum+a[i];
(gdb) n
22    for(i=0;i<n;i++)
(gdb) n
26    return sum;
(gdb) n
27  }
(gdb) n
main () at p4final.c:38
38      output(sum);
(gdb) s
output (sum=5) at p4final.c:30
30      printf("sum is %d\n",sum);
(gdb) n
sum is 5
31    }
(gdb) n
main () at p4final.c:39
39      return 0;
(gdb) c
Continuing.
[Inferior 1 (process 1235) exited normally]
(gdb) 